C51 COMPILER V9.00   COMMON                                                                03/13/2021 16:45:28 PAGE 1   


C51 COMPILER V9.00, COMPILATION OF MODULE COMMON
OBJECT MODULE PLACED IN .\Output\Common.obj
COMPILER INVOKED BY: C:\Keil_v5\C51\BIN\C51.EXE ..\..\Common\Common.c OPTIMIZE(7,SPEED) BROWSE INCDIR(..\..\Include) DEF
                    -INE(FOSC_160000) DEBUG OBJECTEXTEND PRINT(.\LST\Common.lst) OBJECT(.\Output\Common.obj)

line level    source

   1          /*--------------------------------------------------------------------------------------------------------
             --*/
   2          /*                                                                                                        
             - */
   3          /* Copyright(c) 2016 Nuvoton Technology Corp. All rights reserved.                                        
             - */
   4          /*                                                                                                        
             - */
   5          /*--------------------------------------------------------------------------------------------------------
             --*/
   6          
   7          //********************************************************************************************************
             -***
   8          //  Nuvoton Technoledge Corp. 
   9          //  Website: http://www.nuvoton.com
  10          //  E-Mail : MicroC-8bit@nuvoton.com
  11          //  Date   : Apr/21/2016
  12          //********************************************************************************************************
             -***
  13          
  14          #include "N76E003.h"
  15          //
  16          //----------------------------------------------------------------------------------
  17          // UART0 baud rate initial setting 
  18          //----------------------------------------------------------------------------------
  19          void InitialUART0_Timer1(UINT32 u32Baudrate)    //T1M = 1, SMOD = 1
  20          {
  21   1                      P06_Quasi_Mode;         //Setting UART pin as Quasi mode for transmit
  22   1                      P07_Quasi_Mode;         //Setting UART pin as Quasi mode for transmit
  23   1              
  24   1          SCON = 0x50;        //UART0 Mode1,REN=1,TI=1
  25   1          TMOD |= 0x20;       //Timer1 Mode1
  26   1          
  27   1          set_SMOD;           //UART0 Double Rate Enable
  28   1          set_T1M;
  29   1          clr_BRCK;           //Serial port 0 baud rate clock source = Timer1
  30   1       
  31   1      #ifdef FOSC_160000
  32   1          TH1 = 256 - (1000000/u32Baudrate+1);               /*16 MHz */
  33   1      #endif          
  34   1      #ifdef FOSC_166000
                  TH1 = 256 - (1037500/u32Baudrate);                       /*16.6 MHz */
              #endif
  37   1          set_TR1;
  38   1                      set_TI;                                         //For printf function must setting TI = 1
  39   1      }
  40          //---------------------------------------------------------------
  41          void InitialUART0_Timer3(UINT32 u32Baudrate) //use timer3 as Baudrate generator
  42          {
  43   1                      P06_Quasi_Mode;         //Setting UART pin as Quasi mode for transmit
  44   1                      P07_Quasi_Mode;         //Setting UART pin as Quasi mode for transmit   
  45   1              
  46   1          SCON = 0x50;     //UART0 Mode1,REN=1,TI=1
  47   1          set_SMOD;        //UART0 Double Rate Enable
C51 COMPILER V9.00   COMMON                                                                03/13/2021 16:45:28 PAGE 2   

  48   1          T3CON &= 0xF8;   //T3PS2=0,T3PS1=0,T3PS0=0(Prescale=1)
  49   1          set_BRCK;        //UART0 baud rate clock source = Timer3
  50   1      
  51   1      #ifdef FOSC_160000
  52   1                      RH3    = HIBYTE(65536 - (1000000/u32Baudrate)-1);               /*16 MHz */
  53   1                      RL3    = LOBYTE(65536 - (1000000/u32Baudrate)-1);                       /*16 MHz */
  54   1      #endif
  55   1      #ifdef FOSC_166000
                  RH3    = HIBYTE(65536 - (1037500/u32Baudrate));                     /*16.6 MHz */
                  RL3    = LOBYTE(65536 - (1037500/u32Baudrate));                     /*16.6 MHz */
              #endif
  59   1          set_TR3;         //Trigger Timer3
  60   1                      set_TI;                                  //For printf function must setting TI = 1
  61   1      }
  62          
  63          UINT8 Receive_Data_From_UART0(void)
  64          {
  65   1          UINT8 c;
  66   1          while (!RI);
  67   1          c = SBUF;
  68   1          RI = 0;
  69   1          return (c);
  70   1      }
  71          
  72          void Send_Data_To_UART0 (UINT8 c)
  73          {
  74   1          TI = 0;
  75   1          SBUF = c;
  76   1          while(TI==0);
  77   1      }
  78          
  79          
  80          //----------------------------------------------------------------------------------
  81          // UART1 baud rate initial setting 
  82          //----------------------------------------------------------------------------------
  83          void InitialUART1_Timer3(UINT32 u32Baudrate) //use timer3 as Baudrate generator
  84          {
  85   1                      P02_Quasi_Mode;         //Setting UART pin as Quasi mode for transmit
  86   1                      P16_Quasi_Mode;         //Setting UART pin as Quasi mode for transmit
  87   1              
  88   1                SCON_1 = 0x50;        //UART1 Mode1,REN_1=1,TI_1=1
  89   1          T3CON = 0x08;       //T3PS2=0,T3PS1=0,T3PS0=0(Prescale=1), UART1 in MODE 1
  90   1                      clr_BRCK;
  91   1              
  92   1      #ifdef FOSC_160000
  93   1                      RH3    = HIBYTE(65536 - (1000000/u32Baudrate)-1);               /*16 MHz */
  94   1                      RL3    = LOBYTE(65536 - (1000000/u32Baudrate)-1);                       /*16 MHz */
  95   1      #endif
  96   1      #ifdef FOSC_166000
                              RH3    = HIBYTE(65536 - (1037500/u32Baudrate));                         /*16.6 MHz */
                              RL3    = LOBYTE(65536 - (1037500/u32Baudrate));                         /*16.6 MHz */
              #endif
 100   1          set_TR3;         //Trigger Timer3
 101   1      }
 102          
 103          UINT8 Receive_Data_From_UART1(void)
 104          {
 105   1          UINT8 c;
 106   1          
 107   1          while (!RI_1);
 108   1          c = SBUF_1;
 109   1          RI_1 = 0;
C51 COMPILER V9.00   COMMON                                                                03/13/2021 16:45:28 PAGE 3   

 110   1          return (c);
 111   1      }
 112          
 113          void Send_Data_To_UART1 (UINT8 c)
 114          {
 115   1          TI_1 = 0;
 116   1          SBUF_1 = c;
 117   1          while(TI_1==0);
 118   1      }
 119          
 120          
 121          /*==========================================================================*/
 122          #ifdef SW_Reset
              void SW_Reset(void)
              {
                  TA = 0xAA;
                  TA = 0x55;
                  set_SWRST;
              }
              #endif
 130          /*==========================================================================*/


MODULE INFORMATION:   STATIC OVERLAYABLE
   CODE SIZE        =    318    ----
   CONSTANT SIZE    =   ----    ----
   XDATA SIZE       =   ----    ----
   PDATA SIZE       =   ----    ----
   DATA SIZE        =   ----       8
   IDATA SIZE       =   ----    ----
   BIT SIZE         =   ----    ----
END OF MODULE INFORMATION.


C51 COMPILATION COMPLETE.  0 WARNING(S),  0 ERROR(S)
